AUTOPLAY_START turns=20
[game] 开局：你与 AI 各 3 张手牌，20 生命，无费用；每回合各限 1 随从 + 1 法术 + 1 宠物。
[game] —— 第 1 回合：你的回合 ——
[game] 抽卡：+随从《雷霆巨人》(攻6/血6)
[game] 你的状态：你(生命20 手牌4 场上0 宠物0 牌堆36) | 对手：AI(生命20 手牌3 场上0 宠物0 牌堆37)
[game] 法术：治疗之触 回复己方英雄 +4
[game] 你上场了随从：随从《雷霆巨人》(攻6/血6)
[game] 回合结束：你(生命20 手牌2 场上1 宠物0 牌堆36) | AI(生命20 手牌3 场上0 宠物0 牌堆37)
[game] —— 第 2 回合：AI（AI）——
[game] 抽卡：+法术《火球术》(DAMAGE3)
[game] 上场随从：随从《铁壁卫士》(攻1/血5)
[game] 法术：火球术 对敌方英雄 -3
[game] 回合结束：AI(生命20 手牌2 场上1 宠物0 牌堆36) | 你(生命17 手牌2 场上1 宠物0 牌堆36)
[game] —— 第 3 回合：你的回合 ——
[game] 抽卡：+宠物《石皮兽》(光环:攻+0/血+2)
[game] 你的状态：你(生命17 手牌3 场上1 宠物0 牌堆35) | 对手：AI(生命20 手牌2 场上1 宠物0 牌堆36)
[game] 法术：火球术 对敌方英雄 -3
[game] 你召唤了宠物：宠物《石皮兽》(光环:攻+0/血+2)（常驻光环）
[game] 雷霆巨人(6) 与 铁壁卫士(1) 互撞
[game] 铁壁卫士 阵亡
[game] 回合结束：你(生命17 手牌1 场上1 宠物1 牌堆35) | AI(生命17 手牌2 场上0 宠物0 牌堆36)
[game] —— 第 4 回合：AI（AI）——
[game] 抽卡：+随从《风语射手》(攻3/血2)
[game] 上场随从：随从《风语射手》(攻3/血2)
[game] 回合结束：AI(生命17 手牌2 场上1 宠物0 牌堆35) | 你(生命17 手牌1 场上1 宠物1 牌堆35)
[game] —— 第 5 回合：你的回合 ——
[game] 抽卡：+法术《火球术》(DAMAGE3)
[game] 你的状态：你(生命17 手牌2 场上1 宠物1 牌堆34) | 对手：AI(生命17 手牌2 场上1 宠物0 牌堆35)
[game] 法术：闪电风暴 对敌方英雄 -5
[game] 雷霆巨人(6) 与 风语射手(3) 互撞
[game] 风语射手 阵亡
[game] 回合结束：你(生命17 手牌1 场上1 宠物1 牌堆34) | AI(生命12 手牌2 场上0 宠物0 牌堆35)
[game] —— 第 6 回合：AI（AI）——
[game] 抽卡：+随从《暗影刺客》(攻4/血2)
[game] 上场随从：随从《暗影刺客》(攻4/血2)
[game] 回合结束：AI(生命12 手牌2 场上1 宠物0 牌堆34) | 你(生命17 手牌1 场上1 宠物1 牌堆34)
[game] —— 第 7 回合：你的回合 ——
[game] 抽卡：+随从《旋风武僧》(攻2/血3)
[game] 你的状态：你(生命17 手牌2 场上1 宠物1 牌堆33) | 对手：AI(生命12 手牌2 场上1 宠物0 牌堆34)
[game] 法术：火球术 对敌方英雄 -3
[game] 你上场了随从：随从《旋风武僧》(攻2/血3)
[game] 雷霆巨人(6) 与 暗影刺客(4) 互撞
[game] 暗影刺客 阵亡
[game] 雷霆巨人 阵亡
[game] 回合结束：你(生命17 手牌0 场上1 宠物1 牌堆33) | AI(生命9 手牌2 场上0 宠物0 牌堆34)
[game] —— 第 8 回合：AI（AI）——
[game] 抽卡：+随从《血肉巨兽》(攻8/血3)
[game] 上场随从：随从《圣堂守卫》(攻3/血5)
[game] 回合结束：AI(生命9 手牌2 场上1 宠物0 牌堆33) | 你(生命17 手牌0 场上1 宠物1 牌堆33)
[game] —— 第 9 回合：你的回合 ——
[game] 抽卡：+随从《风语射手》(攻3/血2)
[game] 你的状态：你(生命17 手牌1 场上1 宠物1 牌堆32) | 对手：AI(生命9 手牌2 场上1 宠物0 牌堆33)
[game] 你上场了随从：随从《风语射手》(攻3/血2)
[game] 旋风武僧(2) 与 圣堂守卫(3) 互撞
[game] 圣堂守卫 的圣盾抵挡了伤害
[game] 旋风武僧(2) 与 圣堂守卫(3) 互撞
[game] 旋风武僧 阵亡
[game] 回合结束：你(生命17 手牌0 场上1 宠物1 牌堆32) | AI(生命9 手牌2 场上1 宠物0 牌堆33)
[game] —— 第 10 回合：AI（AI）——
[game] 抽卡：+随从《旋风武僧》(攻2/血3)
[game] 上场随从：随从《血肉巨兽》(攻8/血3)
[game] 圣堂守卫(3) 与 风语射手(3) 互撞
[game] 圣堂守卫 阵亡
[game] 回合结束：AI(生命9 手牌2 场上1 宠物0 牌堆32) | 你(生命17 手牌0 场上1 宠物1 牌堆32)
[game] —— 第 11 回合：你的回合 ——
[game] 抽卡：+随从《风语射手》(攻3/血2)
[game] 你的状态：你(生命17 手牌1 场上1 宠物1 牌堆31) | 对手：AI(生命9 手牌2 场上1 宠物0 牌堆32)
[game] 你上场了随从：随从《风语射手》(攻3/血2)
[game] 风语射手(3) 与 血肉巨兽(8) 互撞
[game] 血肉巨兽 阵亡
[game] 风语射手 阵亡
[game] 回合结束：你(生命17 手牌0 场上1 宠物1 牌堆31) | AI(生命9 手牌2 场上0 宠物0 牌堆32)
[game] —— 第 12 回合：AI（AI）——
[game] 抽卡：+随从《烈焰剑士》(攻3/血3)
[game] 上场随从：随从《烈焰剑士》(攻3/血3)
[game] 回合结束：AI(生命9 手牌2 场上1 宠物0 牌堆31) | 你(生命17 手牌0 场上1 宠物1 牌堆31)
[game] —— 第 13 回合：你的回合 ——
[game] 抽卡：+随从《瘟疫使者》(攻4/血4)
[game] 你的状态：你(生命17 手牌1 场上1 宠物1 牌堆30) | 对手：AI(生命9 手牌2 场上1 宠物0 牌堆31)
[game] 你上场了随从：随从《瘟疫使者》(攻4/血4)
[game] 风语射手(3) 与 烈焰剑士(3) 互撞
[game] 烈焰剑士 阵亡
[game] 回合结束：你(生命17 手牌0 场上2 宠物1 牌堆30) | AI(生命9 手牌2 场上0 宠物0 牌堆31)
[game] —— 第 14 回合：AI（AI）——
[game] 抽卡：+随从《风语射手》(攻3/血2)
[game] 上场随从：随从《风语射手》(攻3/血2)
[game] 回合结束：AI(生命9 手牌2 场上1 宠物0 牌堆30) | 你(生命17 手牌0 场上2 宠物1 牌堆30)
[game] —— 第 15 回合：你的回合 ——
[game] 抽卡：+法术《治疗之触》(HEAL4)
[game] 你的状态：你(生命17 手牌1 场上2 宠物1 牌堆29) | 对手：AI(生命9 手牌2 场上1 宠物0 牌堆30)
[game] 法术：治疗之触 回复己方英雄 +4
[game] 风语射手(3) 与 风语射手(3) 互撞
[game] 风语射手 阵亡
[game] 风语射手 阵亡
[game] 瘟疫使者 直击敌方英雄 -4
[game] 回合结束：你(生命20 手牌0 场上1 宠物1 牌堆29) | AI(生命5 手牌2 场上0 宠物0 牌堆30)
[game] —— 第 16 回合：AI（AI）——
[game] 抽卡：+法术《治疗之触》(HEAL4)
[game] 上场随从：随从《旋风武僧》(攻2/血3)
[game] 法术：治疗之触 回复己方英雄 +4
[game] 回合结束：AI(生命9 手牌1 场上1 宠物0 牌堆29) | 你(生命20 手牌0 场上1 宠物1 牌堆29)
[game] —— 第 17 回合：你的回合 ——
[game] 抽卡：+随从《雷霆巨人》(攻6/血6)
[game] 你的状态：你(生命20 手牌1 场上1 宠物1 牌堆28) | 对手：AI(生命9 手牌1 场上1 宠物0 牌堆29)
[game] 你上场了随从：随从《雷霆巨人》(攻6/血6)
[game] 瘟疫使者(4) 与 旋风武僧(2) 互撞
[game] 旋风武僧 阵亡
[game] 回合结束：你(生命20 手牌0 场上2 宠物1 牌堆28) | AI(生命9 手牌1 场上0 宠物0 牌堆29)
[game] —— 第 18 回合：AI（AI）——
[game] 抽卡：+法术《星辰陨落》(DAMAGE8)
[game] 上场随从：随从《铁壁卫士》(攻1/血5)
[game] 法术：星辰陨落 对敌方英雄 -8
[game] 回合结束：AI(生命9 手牌0 场上1 宠物0 牌堆28) | 你(生命12 手牌0 场上2 宠物1 牌堆28)
[game] —— 第 19 回合：你的回合 ——
[game] 抽卡：+随从《城墙巨像》(攻1/血8)
[game] 你的状态：你(生命12 手牌1 场上2 宠物1 牌堆27) | 对手：AI(生命9 手牌0 场上1 宠物0 牌堆28)
[game] 你上场了随从：随从《城墙巨像》(攻1/血8)
[game] 瘟疫使者(4) 与 铁壁卫士(1) 互撞
[game] 雷霆巨人(6) 与 铁壁卫士(1) 互撞
[game] 铁壁卫士 阵亡
[game] 回合结束：你(生命12 手牌0 场上3 宠物1 牌堆27) | AI(生命9 手牌0 场上0 宠物0 牌堆28)
[game] —— 第 20 回合：AI（AI）——
[game] 抽卡：+随从《荒野快马》(攻2/血1)
[game] 荒野快马 有冲锋，本回合即可攻击
[game] 上场随从：随从《荒野快马》(攻2/血1)
[game] 回合结束：AI(生命9 手牌0 场上1 宠物0 牌堆27) | 你(生命12 手牌0 场上3 宠物1 牌堆27)
[game] —— 第 21 回合：你的回合 ——
[game] 抽卡：+随从《幼龙》(攻2/血1)
[game] 你的状态：你(生命12 手牌1 场上3 宠物1 牌堆26) | 对手：AI(生命9 手牌0 场上1 宠物0 牌堆27)
[game] 你上场了随从：随从《幼龙》(攻2/血1)
[game] 瘟疫使者(4) 与 荒野快马(2) 互撞
[game] 荒野快马 阵亡
[game] 雷霆巨人 直击敌方英雄 -6
[game] 城墙巨像 直击敌方英雄 -1
[game] 回合结束：你(生命12 手牌0 场上4 宠物1 牌堆26) | AI(生命2 手牌0 场上0 宠物0 牌堆27)
[game] —— 第 22 回合：AI（AI）——
[game] 抽卡：+随从《瘟疫使者》(攻4/血4)
[game] 上场随从：随从《瘟疫使者》(攻4/血4)
[game] 回合结束：AI(生命2 手牌0 场上1 宠物0 牌堆26) | 你(生命12 手牌0 场上4 宠物1 牌堆26)
[game] —— 第 23 回合：你的回合 ——
[game] 抽卡：+宠物《战鼓兽》(光环:攻+1/血+0)
[game] 你的状态：你(生命12 手牌1 场上4 宠物1 牌堆25) | 对手：AI(生命2 手牌0 场上1 宠物0 牌堆26)
[game] 你召唤了宠物：宠物《战鼓兽》(光环:攻+1/血+0)（常驻光环）
[game] 瘟疫使者(5) 与 瘟疫使者(4) 互撞
[game] 瘟疫使者 阵亡
[game] 瘟疫使者 阵亡
[game] 雷霆巨人 直击敌方英雄 -7
[game] AI 生命归零！
[game] 胜利！敌方英雄被击溃。
AUTOPLAY_END reason=game-over turn=23 playerLife=12 aiLife=0
