9月 23, 2026 8:55:05 上午 com.sun.javafx.application.PlatformImpl startup
警告: Unsupported JavaFX configuration: classes were loaded from 'unnamed module @4fcb38dd'
Can not create cache at ~/.openjfx/cache/21.0.5+1/aarch64
Can not create cache at ~/.openjfx/cache/21.0.5+1/aarch64
Can not create cache at ~/.openjfx/cache/21.0.5+1/aarch64
AUTOPLAY_START turns=10
[game] 开局：你与 AI 各 3 张手牌，20 生命，无费用；每回合各限 1 随从 + 1 法术 + 1 宠物。
[game] —— 第 1 回合：AI（AI）——
[game] 抽卡：+宠物《战鼓兽》(光环:攻+1/血+0)
[game] 上场随从：随从《烈焰剑士》(攻3/血3)
[game] 法术：火球术 对敌方英雄 -3
[game] 召唤宠物：宠物《战鼓兽》(光环:攻+1/血+0)（常驻光环）
[game] 回合结束：AI(生命20 手牌1 场上1 宠物1 牌堆16) | 你(生命17 手牌3 场上0 宠物0 牌堆17)
[game] —— 第 2 回合：你的回合 ——
[game] 抽卡：+随从《暗影刺客》(攻4/血2)
[game] 你的状态：你(生命17 手牌4 场上0 宠物0 牌堆16) | 对手：AI(生命20 手牌1 场上1 宠物1 牌堆16)
[game] 你上场了随从：随从《雷霆巨人》(攻6/血6)
[game] 回合结束：你(生命17 手牌3 场上1 宠物0 牌堆16) | AI(生命20 手牌1 场上1 宠物1 牌堆16)
[game] —— 第 3 回合：AI（AI）——
[game] 抽卡：+宠物《石皮兽》(光环:攻+0/血+2)
[game] 上场随从：随从《幼龙》(攻2/血1)
[game] 召唤宠物：宠物《石皮兽》(光环:攻+0/血+2)（常驻光环）
[game] 烈焰剑士(4) 与 雷霆巨人(6) 互撞
[game] 烈焰剑士 阵亡
[game] 回合结束：AI(生命20 手牌0 场上1 宠物2 牌堆15) | 你(生命17 手牌3 场上1 宠物0 牌堆16)
[game] —— 第 4 回合：你的回合 ——
[game] 抽卡：+宠物《战鼓兽》(光环:攻+1/血+0)
[game] 你的状态：你(生命17 手牌4 场上1 宠物0 牌堆15) | 对手：AI(生命20 手牌0 场上1 宠物2 牌堆15)
[game] 你上场了随从：随从《暗影刺客》(攻4/血2)
[game] 你召唤了宠物：宠物《战鼓兽》(光环:攻+1/血+0)（常驻光环）
[game] 雷霆巨人 直击敌方英雄 -7
[game] 回合结束：你(生命17 手牌2 场上2 宠物1 牌堆15) | AI(生命13 手牌0 场上1 宠物2 牌堆15)
[game] —— 第 5 回合：AI（AI）——
[game] 抽卡：+随从《风语射手》(攻3/血2)
[game] 上场随从：随从《风语射手》(攻3/血2)
[game] 幼龙(3) 与 雷霆巨人(7) 互撞
[game] 雷霆巨人 阵亡
[game] 幼龙 阵亡
[game] 回合结束：AI(生命13 手牌0 场上1 宠物2 牌堆14) | 你(生命17 手牌2 场上1 宠物1 牌堆15)
[game] —— 第 6 回合：你的回合 ——
[game] 抽卡：+法术《火球术》(DAMAGE3)
[game] 你的状态：你(生命17 手牌3 场上1 宠物1 牌堆14) | 对手：AI(生命13 手牌0 场上1 宠物2 牌堆14)
[game] 你上场了随从：随从《烈焰剑士》(攻3/血3)
[game] 法术：火球术 对敌方英雄 -3
[game] 暗影刺客 直击敌方英雄 -5
[game] 回合结束：你(生命17 手牌1 场上2 宠物1 牌堆14) | AI(生命5 手牌0 场上1 宠物2 牌堆14)
[game] —— 第 7 回合：AI（AI）——
[game] 抽卡：+随从《风语射手》(攻3/血2)
[game] 上场随从：随从《风语射手》(攻3/血2)
[game] 风语射手(4) 与 暗影刺客(5) 互撞
[game] 暗影刺客 阵亡
[game] 风语射手 阵亡
[game] 回合结束：AI(生命5 手牌0 场上1 宠物2 牌堆13) | 你(生命17 手牌1 场上1 宠物1 牌堆14)
[game] —— 第 8 回合：你的回合 ——
[game] 抽卡：+法术《火球术》(DAMAGE3)
[game] 你的状态：你(生命17 手牌2 场上1 宠物1 牌堆13) | 对手：AI(生命5 手牌0 场上1 宠物2 牌堆13)
[game] 你上场了随从：随从《暗影刺客》(攻4/血2)
[game] 法术：火球术 对敌方英雄 -3
[game] 烈焰剑士 直击敌方英雄 -4
[game] AI 生命归零！
[game] 胜利！敌方英雄被击溃。
AUTOPLAY_END reason=game-over turn=8 playerLife=17 aiLife=0
